// Vitest Snapshot v1

exports[`recipeGenerator > matches snapshot 1`] = `
[
  {
    "cupKind": "to_go",
    "descriptiveName": "12 oz 2 shot dairy_3_percent to_go",
    "discountDollars": 0,
    "discounts": [],
    "drinkSizeOunces": 12,
    "espressoCostDollars": 0.57,
    "espressoFluidOunces": 1.5,
    "espressoGrams": 18.5,
    "espressoShots": 2,
    "ingredientCostDollars": 1,
    "ingredientMarkup": 4.75,
    "milkAlternative": "dairy_3_percent",
    "milkColdOunces": 8.5,
    "milkCostDollars": 0.43,
    "milkSteamedOunces": 10.5,
    "packaging": [
      "cup @ 12 oz",
      "lid @ 10 to 20 oz",
      "sleeve @ 12 to 20 oz",
    ],
    "packagingCostDollars": 0.38,
    "packagingMarkup": 1.5,
    "suggestedIngredientsPrice": 4.74,
    "suggestedPackagingPrice": 0.57,
    "suggestedPrice": 5.31,
    "totalCostDollars": 1.38,
  },
  {
    "cupKind": "own_cup",
    "descriptiveName": "12 oz 2 shot dairy_3_percent own_cup",
    "discountDollars": 0.5,
    "discounts": [
      [
        "own_cup",
        0.5,
      ],
    ],
    "drinkSizeOunces": 12,
    "espressoCostDollars": 0.57,
    "espressoFluidOunces": 1.5,
    "espressoGrams": 18.5,
    "espressoShots": 2,
    "ingredientCostDollars": 1,
    "ingredientMarkup": 4.75,
    "milkAlternative": "dairy_3_percent",
    "milkColdOunces": 8.5,
    "milkCostDollars": 0.43,
    "milkSteamedOunces": 10.5,
    "packaging": [],
    "packagingCostDollars": 0,
    "packagingMarkup": 1.5,
    "suggestedIngredientsPrice": 4.74,
    "suggestedPackagingPrice": 0,
    "suggestedPrice": 4.24,
    "totalCostDollars": 1,
  },
  {
    "cupKind": "for_here",
    "descriptiveName": "12 oz 2 shot dairy_3_percent for_here",
    "discountDollars": 0,
    "discounts": [],
    "drinkSizeOunces": 12,
    "espressoCostDollars": 0.57,
    "espressoFluidOunces": 1.5,
    "espressoGrams": 18.5,
    "espressoShots": 2,
    "ingredientCostDollars": 1,
    "ingredientMarkup": 4.75,
    "milkAlternative": "dairy_3_percent",
    "milkColdOunces": 8.5,
    "milkCostDollars": 0.43,
    "milkSteamedOunces": 10.5,
    "packaging": [],
    "packagingCostDollars": 0,
    "packagingMarkup": 1.5,
    "suggestedIngredientsPrice": 4.74,
    "suggestedPackagingPrice": 0,
    "suggestedPrice": 4.74,
    "totalCostDollars": 1,
  },
  {
    "cupKind": "to_go",
    "descriptiveName": "16 oz 2 shot dairy_3_percent to_go",
    "discountDollars": 0,
    "discounts": [],
    "drinkSizeOunces": 16,
    "espressoCostDollars": 0.57,
    "espressoFluidOunces": 1.5,
    "espressoGrams": 18.5,
    "espressoShots": 2,
    "ingredientCostDollars": 1.12,
    "ingredientMarkup": 4.75,
    "milkAlternative": "dairy_3_percent",
    "milkColdOunces": 11,
    "milkCostDollars": 0.55,
    "milkSteamedOunces": 14.5,
    "packaging": [
      "cup @ 16 oz",
      "lid @ 10 to 20 oz",
      "sleeve @ 12 to 20 oz",
    ],
    "packagingCostDollars": 0.4,
    "packagingMarkup": 1.5,
    "suggestedIngredientsPrice": 5.34,
    "suggestedPackagingPrice": 0.6,
    "suggestedPrice": 5.94,
    "totalCostDollars": 1.52,
  },
  {
    "cupKind": "own_cup",
    "descriptiveName": "16 oz 2 shot dairy_3_percent own_cup",
    "discountDollars": 0.5,
    "discounts": [
      [
        "own_cup",
        0.5,
      ],
    ],
    "drinkSizeOunces": 16,
    "espressoCostDollars": 0.57,
    "espressoFluidOunces": 1.5,
    "espressoGrams": 18.5,
    "espressoShots": 2,
    "ingredientCostDollars": 1.12,
    "ingredientMarkup": 4.75,
    "milkAlternative": "dairy_3_percent",
    "milkColdOunces": 11,
    "milkCostDollars": 0.55,
    "milkSteamedOunces": 14.5,
    "packaging": [],
    "packagingCostDollars": 0,
    "packagingMarkup": 1.5,
    "suggestedIngredientsPrice": 5.34,
    "suggestedPackagingPrice": 0,
    "suggestedPrice": 4.84,
    "totalCostDollars": 1.12,
  },
  {
    "cupKind": "for_here",
    "descriptiveName": "16 oz 2 shot dairy_3_percent for_here",
    "discountDollars": 0,
    "discounts": [],
    "drinkSizeOunces": 16,
    "espressoCostDollars": 0.57,
    "espressoFluidOunces": 1.5,
    "espressoGrams": 18.5,
    "espressoShots": 2,
    "ingredientCostDollars": 1.12,
    "ingredientMarkup": 4.75,
    "milkAlternative": "dairy_3_percent",
    "milkColdOunces": 11,
    "milkCostDollars": 0.55,
    "milkSteamedOunces": 14.5,
    "packaging": [],
    "packagingCostDollars": 0,
    "packagingMarkup": 1.5,
    "suggestedIngredientsPrice": 5.34,
    "suggestedPackagingPrice": 0,
    "suggestedPrice": 5.34,
    "totalCostDollars": 1.12,
  },
]
`;
